Input file: inputs/input_test.txt
Output file: outputs/output_test.txt
Time Complete: Fri Nov 26 10:51:03 2021

Duration [second]: 0.000000
Word count in input files: 7
Word converted: 6
Word with error: 1
Total number of characters: 26
Number of characters have been converted: 25
Number of characters are NOT converted: 1
